Microchip MPLAB XC8 Compiler V2.32

Linker command line:

-W-3 --edf=C:\Program Files\Microchip\xc8\v2.32\pic\dat\en_msgs.txt -cn \
  -h+dist/default/production\ADC.X.production.sym \
  --cmf=dist/default/production\ADC.X.production.cmf -z -Q16F877A \
  -oC:\Users\joaqu\AppData\Local\Temp\xcAsao4.4 --defsym=__MPLAB_BUILD=1 \
  -Mdist/default/production/ADC.X.production.map -E1 -ver=XC8 Compiler \
  --acfsm=1493 -ASTACK=0110h-016Fh -pstack=STACK -ACODE=00h-07FFhx4 \
  -ASTRCODE=00h-01FFFh -ASTRING=00h-0FFhx32 -ACONST=00h-0FFhx32 \
  -AENTRY=00h-0FFhx32 -ACOMMON=070h-07Fh -ABANK0=020h-06Fh \
  -ABANK1=0A0h-0EFh -ABANK2=0110h-016Fh -ABANK3=0190h-01EFh \
  -ARAM=020h-06Fh,0A0h-0EFh,0110h-016Fh,0190h-01EFh \
  -AABS1=020h-07Fh,0A0h-0EFh,0110h-016Fh,0190h-01EFh -ASFR0=00h-01Fh \
  -ASFR1=080h-09Fh -ASFR2=0100h-010Fh -ASFR3=0180h-018Fh \
  -ACONFIG=02007h-02007h -DCONFIG=2 -AIDLOC=02000h-02003h -DIDLOC=2 \
  -AEEDATA=00h-0FFh/02100h -peeprom_data=EEDATA -DEEDATA=2 -DCODE=2 \
  -DSTRCODE=2 -DSTRING=2 -DCONST=2 -DENTRY=2 \
  -preset_vec=00h,intentry=04h,init,end_init -ppowerup=CODE -pcinit=CODE \
  -pfunctab=ENTRY -k C:\Users\joaqu\AppData\Local\Temp\xcAsao4.o \
  dist/default/production\ADC.X.production.o 

Object code version is 3.11

Machine type is 16F877A



                Name                               Link     Load   Length Selector   Space Scale
C:\Users\joaqu\AppData\Local\Temp\xcAsao4.o
                end_init                             10       10        3        8       0
                reset_vec                             0        0        3        0       0
                config                             2007     2007        1        0       4
dist/default/production\ADC.X.production.o
                cinit                                13       13       2C        8       0
                intentry                              4        4        C        8       0
                config                             2007     2007        1        0       4
                text22                              965      965        7     12CA       0
                text21                              961      961        4     12C2       0
                text20                              B71      B71       6D     16E2       0
                text19                              9CE      9CE       1D     139C       0
                text18                              7FB      7FB        4        8       0
                text17                              B08      B08       69     1610       0
                text16                              7A0      7A0       5B        8       0
                text15                              96C      96C       10     12D8       0
                text14                              D73      D73       B0     1AE6       0
                text13                              9A1      9A1       16     1342       0
                text12                              97C      97C       12     12F8       0
                text11                              E23      E23      1DD     1C46       0
                text10                              9EB      9EB       29     13D6       0
                text9                                3F       3F      361        8       0
                text8                               3A0      3A0      288        8       0
                text7                               A14      A14       50     1428       0
                text6                               BDE      BDE       7C     17BC       0
                text5                               6E4      6E4       BC        8       0
                text4                               A64      A64       50     14C8       0
                text3                               AB4      AB4       54     1568       0
                text2                               C5A      C5A       86     18B4       0
                text1                               CE0      CE0       93     19C0       0
                maintext                            628      628       BC        8       0
                cstackBANK0                          20       20       50       20       1
                cstackCOMMON                         70       70        7       70       1
                cstackBANK1                          A0       A0       27       A0       1
                inittext                            98E      98E       13     131C       0
                dataBANK1                            C7       C7       17       A0       1
                bssBANK1                             DE       DE        2       A0       1
                dataCOMMON                           7B       7B        3       70       1
                bssCOMMON                            77       77        4       70       1
                idataBANK1                          9B7      9B7       17     136E       0
                idataCOMMON                         95E      95E        3     12BC       0

TOTAL           Name                               Link     Load   Length     Space
        CLASS   STACK          

        CLASS   CODE           
                end_init                             10       10        3         0
                cinit                                13       13       2C         0
                intentry                              4        4        C         0
                reset_vec                             0        0        3         0
                text22                              965      965        7         0
                text21                              961      961        4         0
                text20                              B71      B71       6D         0
                text19                              9CE      9CE       1D         0
                text18                              7FB      7FB        4         0
                text17                              B08      B08       69         0
                text16                              7A0      7A0       5B         0
                text15                              96C      96C       10         0
                text14                              D73      D73       B0         0
                text13                              9A1      9A1       16         0
                text12                              97C      97C       12         0
                text11                              E23      E23      1DD         0
                text10                              9EB      9EB       29         0
                text9                                3F       3F      361         0
                text8                               3A0      3A0      288         0
                text7                               A14      A14       50         0
                text6                               BDE      BDE       7C         0
                text5                               6E4      6E4       BC         0
                text4                               A64      A64       50         0
                text3                               AB4      AB4       54         0
                text2                               C5A      C5A       86         0
                text1                               CE0      CE0       93         0
                maintext                            628      628       BC         0
                inittext                            98E      98E       13         0
                idataBANK1                          9B7      9B7       17         0
                idataCOMMON                         95E      95E        3         0

        CLASS   STRCODE        

        CLASS   STRING         

        CLASS   CONST          

        CLASS   ENTRY          

        CLASS   COMMON         
                cstackCOMMON                         70       70        7         1
                dataCOMMON                           7B       7B        3         1
                bssCOMMON                            77       77        4         1

        CLASS   BANK0          
                cstackBANK0                          20       20       50         1

        CLASS   BANK1          
                cstackBANK1                          A0       A0       27         1
                dataBANK1                            C7       C7       17         1
                bssBANK1                             DE       DE        2         1

        CLASS   BANK2          

        CLASS   BANK3          

        CLASS   RAM            

        CLASS   ABS1           
                abs_s1                               7E       7E        2         1

        CLASS   SFR0           

        CLASS   SFR1           

        CLASS   SFR2           

        CLASS   SFR3           

        CLASS   CONFIG         
                config                             2007     2007        1         4

        CLASS   IDLOC          

        CLASS   EEDATA         



SEGMENTS        Name                           Load    Length   Top    Selector   Space  Class     Delta

                reset_vec                      000000  000003  000003         0       0  CODE        2
                intentry                       000004  0007FB  0007FF         8       0  CODE        2
                cstackBANK0                    000020  000050  000070        20       1  BANK0       1
                cstackCOMMON                   000070  00000E  00007E        70       1  COMMON      1
                cstackBANK1                    0000A0  000040  0000E0        A0       1  BANK1       1
                idataCOMMON                    00095E  000003  000961      12BC       0  CODE        2
                text21                         000961  000004  000965      12C2       0  CODE        2
                text22                         000965  000007  00096C      12CA       0  CODE        2
                text15                         00096C  000010  00097C      12D8       0  CODE        2
                text12                         00097C  000012  00098E      12F8       0  CODE        2
                inittext                       00098E  000013  0009A1      131C       0  CODE        2
                text13                         0009A1  000016  0009B7      1342       0  CODE        2
                idataBANK1                     0009B7  000017  0009CE      136E       0  CODE        2
                text19                         0009CE  00001D  0009EB      139C       0  CODE        2
                text10                         0009EB  000029  000A14      13D6       0  CODE        2
                text7                          000A14  000050  000A64      1428       0  CODE        2
                text4                          000A64  000050  000AB4      14C8       0  CODE        2
                text3                          000AB4  000054  000B08      1568       0  CODE        2
                text17                         000B08  000069  000B71      1610       0  CODE        2
                text20                         000B71  00006D  000BDE      16E2       0  CODE        2
                text6                          000BDE  00007C  000C5A      17BC       0  CODE        2
                text2                          000C5A  000086  000CE0      18B4       0  CODE        2
                text1                          000CE0  000093  000D73      19C0       0  CODE        2
                text14                         000D73  0000B0  000E23      1AE6       0  CODE        2
                text11                         000E23  0001DD  001000      1C46       0  CODE        2


UNUSED ADDRESS RANGES

        Name                Unused          Largest block    Delta
        BANK1            00E0-00EF             10           1
        BANK2            0110-016F             60           1
        BANK3            0190-01EF             60           1
        CODE             0003-0003              1           2
                         07FF-095D              1
                         1000-1FFF            800
        CONST            0003-0003              1           2
                         07FF-095D            100
                         1000-1FFF            100
        EEDATA           2100-21FF            100           2
        ENTRY            0003-0003              1           2
                         07FF-095D            100
                         1000-1FFF            100
        IDLOC            2000-2003              4           2
        RAM              00E0-00EF             10           1
                         0110-016F             60
                         0190-01EF             60
        SFR0             0000-001F             20           1
        SFR1             0080-009F             20           1
        SFR2             0100-010F             10           1
        SFR3             0180-018F             10           1
        STACK            0110-016F             60           1
        STRCODE          0003-0003              1           2
                         07FF-095D            15F
                         1000-1FFF           1000
        STRING           0003-0003              1           2
                         07FF-095D            100
                         1000-1FFF            100

                                  Symbol Table

?__Umul8_16                 cstackBANK0  0020
?___awdiv                   cstackBANK0  0020
?___awmod                   cstackBANK0  0029
?___fladd                   cstackBANK0  0020
?___fldiv                   cstackBANK0  0048
?___flmul                   cstackBANK0  002E
?___flsub                   cstackBANK1  00AA
?___fltol                   cstackBANK0  0062
?___xxtofl                  cstackBANK0  0020
?_round                     cstackBANK1  00B2
?_trunc                     cstackBANK1  00A0
DISPLAY_SetNumber@a         cstackBANK1  00BC
DISPLAY_SetNumber@b         cstackBANK1  00BD
DISPLAY_SetNumber@c         cstackBANK1  00BE
DISPLAY_SetNumber@num       cstackBANK0  006E
TIMER1_SetValue@value       cstackCOMMON 0070
_ADCON0bits                 (abs)        001F
_ADCON1bits                 (abs)        009F
_ADC_Config                 text19       09CE
_ADC_StartConv              text18       07FB
_ADC_TIMER1_ISR             text20       0B71
_ADC_Value                  bssBANK1     00DE
_ADRESH                     (abs)        001E
_ADRESL                     (abs)        009E
_DISPLAY_Init               text13       09A1
_DISPLAY_SetNumber          text14       0D73
_INTCONbits                 (abs)        000B
_PIE1bits                   (abs)        008C
_PIR1bits                   (abs)        000C
_PORTBbits                  (abs)        0006
_PORTC                      (abs)        0007
_PORTCbits                  (abs)        0007
_PORTD                      (abs)        0008
_T1CONbits                  (abs)        0010
_TIMER1_Config              text12       097C
_TIMER1_SetValue            text22       0965
_TMR1                       (abs)        000E
_TRISAbits                  (abs)        0085
_TRISBbits                  (abs)        0086
_TRISC                      (abs)        0087
_TRISCbits                  (abs)        0087
_TRISD                      (abs)        0088
__Habs1                     abs1         0000
__Hbank0                    bank0        0000
__Hbank1                    bank1        0000
__Hbank2                    bank2        0000
__Hbank3                    bank3        0000
__HbssBANK1                 bssBANK1     0000
__HbssCOMMON                bssCOMMON    0000
__Hcinit                    cinit        003F
__Hclrtext                  clrtext      0000
__Hcode                     code         0000
__Hcommon                   common       0000
__Hconfig                   config       2008
__HcstackBANK0              cstackBANK0  0000
__HcstackBANK1              cstackBANK1  0000
__HcstackCOMMON             cstackCOMMON 0000
__HdataBANK1                dataBANK1    0000
__HdataCOMMON               dataCOMMON   0000
__Heeprom_data              eeprom_data  0000
__Hend_init                 end_init     0013
__Hfunctab                  functab      0000
__HidataBANK1               idataBANK1   0000
__HidataCOMMON              idataCOMMON  0000
__Hinit                     init         0010
__Hinittext                 inittext     0000
__Hintentry                 intentry     0010
__Hmaintext                 maintext     0000
__Hpowerup                  powerup      0000
__Hram                      ram          0000
__Hreset_vec                reset_vec    0003
__Hsfr0                     sfr0         0000
__Hsfr1                     sfr1         0000
__Hsfr2                     sfr2         0000
__Hsfr3                     sfr3         0000
__Hspace_0                  (abs)        1000
__Hspace_1                  (abs)        00E0
__Hspace_2                  (abs)        0000
__Hspace_3                  (abs)        0000
__Hspace_4                  (abs)        400F
__Hstack                    stack        0000
__Hstrings                  strings      0000
__Htext                     text         0000
__Labs1                     abs1         0000
__Lbank0                    bank0        0000
__Lbank1                    bank1        0000
__Lbank2                    bank2        0000
__Lbank3                    bank3        0000
__LbssBANK1                 bssBANK1     0000
__LbssCOMMON                bssCOMMON    0000
__Lcinit                    cinit        0013
__Lclrtext                  clrtext      0000
__Lcode                     code         0000
__Lcommon                   common       0000
__Lconfig                   config       0000
__LcstackBANK0              cstackBANK0  0000
__LcstackBANK1              cstackBANK1  0000
__LcstackCOMMON             cstackCOMMON 0000
__LdataBANK1                dataBANK1    0000
__LdataCOMMON               dataCOMMON   0000
__Leeprom_data              eeprom_data  0000
__Lend_init                 end_init     0010
__Lfunctab                  functab      0000
__LidataBANK1               idataBANK1   0000
__LidataCOMMON              idataCOMMON  0000
__Linit                     init         0010
__Linittext                 inittext     0000
__Lintentry                 intentry     0004
__Lmaintext                 maintext     0000
__Lpowerup                  powerup      0000
__Lram                      ram          0000
__Lreset_vec                reset_vec    0000
__Lsfr0                     sfr0         0000
__Lsfr1                     sfr1         0000
__Lsfr2                     sfr2         0000
__Lsfr3                     sfr3         0000
__Lspace_0                  (abs)        0000
__Lspace_1                  (abs)        0000
__Lspace_2                  (abs)        0000
__Lspace_3                  (abs)        0000
__Lspace_4                  (abs)        0000
__Lstack                    stack        0000
__Lstrings                  strings      0000
__Ltext                     text         0000
__S0                        (abs)        1000
__S1                        (abs)        00E0
__S2                        (abs)        0000
__S3                        (abs)        0000
__Umul8_16                  text10       09EB
__Umul8_16@multiplicand     cstackBANK0  0020
__Umul8_16@multiplier       cstackBANK0  0028
__Umul8_16@product          cstackBANK0  0024
__Umul8_16@word_mpld        cstackBANK0  0026
___awdiv                    text17       0B08
___awdiv@counter            cstackBANK0  0025
___awdiv@dividend           cstackBANK0  0022
___awdiv@divisor            cstackBANK0  0020
___awdiv@quotient           cstackBANK0  0027
___awdiv@sign               cstackBANK0  0026
___awmod                    text16       07A0
___awmod@counter            cstackBANK0  002E
___awmod@dividend           cstackBANK0  002B
___awmod@divisor            cstackBANK0  0029
___awmod@sign               cstackBANK0  002F
___fladd                    text8        03A0
___fladd@a                  cstackBANK0  0024
___fladd@aexp               cstackBANK0  0031
___fladd@b                  cstackBANK0  0020
___fladd@bexp               cstackBANK0  0032
___fladd@grs                cstackBANK0  0033
___fladd@signs              cstackBANK0  0030
___fldiv                    text11       0E23
___fldiv@a                  cstackBANK0  0048
___fldiv@aexp               cstackBANK0  0061
___fldiv@b                  cstackBANK0  004C
___fldiv@bexp               cstackBANK0  0060
___fldiv@grs                cstackBANK0  005C
___fldiv@new_exp            cstackBANK0  005A
___fldiv@rem                cstackBANK0  0055
___fldiv@sign               cstackBANK0  0059
___fleq                     text4        0A64
___fleq@ff1                 cstackBANK0  0020
___fleq@ff2                 cstackBANK0  0024
___flmul                    text9        003F
___flmul@a                  cstackBANK0  0032
___flmul@aexp               cstackBANK0  0040
___flmul@b                  cstackBANK0  002E
___flmul@bexp               cstackBANK0  0041
___flmul@grs                cstackBANK0  003C
___flmul@prod               cstackBANK0  0042
___flmul@sign               cstackBANK0  003B
___flmul@temp               cstackBANK0  0046
___flsub                    text7        0A14
___flsub@a                  cstackBANK1  00AA
___flsub@b                  cstackBANK1  00AE
___fltol                    text6        0BDE
___fltol@exp1               cstackBANK0  006C
___fltol@f1                 cstackBANK0  0062
___fltol@sign1              cstackBANK0  006B
___int_sp                   stack        0000
___latbits                  (abs)        0002
___sp                       stack        0000
___stackhi                  (abs)        0000
___stacklo                  (abs)        0000
___xxtofl                   text5        06E4
___xxtofl@arg               cstackBANK0  002A
___xxtofl@exp               cstackBANK0  0029
___xxtofl@sign              cstackBANK0  0028
___xxtofl@val               cstackBANK0  0020
__end_of_ADC_Config         text19       09EB
__end_of_ADC_StartConv      text18       07FF
__end_of_ADC_TIMER1_ISR     text20       0BDE
__end_of_DISPLAY_Init       text13       09B7
__end_of_DISPLAY_SetNumber  text14       0E23
__end_of_TIMER1_Config      text12       098E
__end_of_TIMER1_SetValue    text22       096C
__end_of__Umul8_16          text10       0A14
__end_of___awdiv            text17       0B71
__end_of___awmod            text16       07FB
__end_of___fladd            text8        0628
__end_of___fldiv            text11       1000
__end_of___fleq             text4        0AB4
__end_of___flmul            text9        03A0
__end_of___flsub            text7        0A64
__end_of___fltol            text6        0C5A
__end_of___xxtofl           text5        07A0
__end_of__initialization    cinit        003B
__end_of_digitValue_set     text15       097C
__end_of_frexp              text3        0B08
__end_of_main               maintext     06E4
__end_of_round              text1        0D73
__end_of_trunc              text2        0CE0
__end_ofi1_ADC_StartConv    text21       0965
__initialization            cinit        0013
__pbssBANK1                 bssBANK1     00DE
__pbssCOMMON                bssCOMMON    0077
__pcstackBANK0              cstackBANK0  0020
__pcstackBANK1              cstackBANK1  00A0
__pcstackCOMMON             cstackCOMMON 0070
__pdataBANK1                dataBANK1    00C7
__pdataCOMMON               dataCOMMON   007B
__pidataBANK1               idataBANK1   09B7
__pidataCOMMON              idataCOMMON  095E
__pintentry                 intentry     0004
__pmaintext                 maintext     0628
__ptext1                    text1        0CE0
__ptext10                   text10       09EB
__ptext11                   text11       0E23
__ptext12                   text12       097C
__ptext13                   text13       09A1
__ptext14                   text14       0D73
__ptext15                   text15       096C
__ptext16                   text16       07A0
__ptext17                   text17       0B08
__ptext18                   text18       07FB
__ptext19                   text19       09CE
__ptext2                    text2        0C5A
__ptext20                   text20       0B71
__ptext21                   text21       0961
__ptext22                   text22       0965
__ptext3                    text3        0AB4
__ptext4                    text4        0A64
__ptext5                    text5        06E4
__ptext6                    text6        0BDE
__ptext7                    text7        0A14
__ptext8                    text8        03A0
__ptext9                    text9        003F
__size_of_ADC_Config        (abs)        0000
__size_of_ADC_StartConv     (abs)        0000
__size_of_ADC_TIMER1_ISR    (abs)        0000
__size_of_DISPLAY_Init      (abs)        0000
__size_of_DISPLAY_SetNumber (abs)        0000
__size_of_TIMER1_Config     (abs)        0000
__size_of_TIMER1_SetValue   (abs)        0000
__size_of__Umul8_16         (abs)        0000
__size_of___awdiv           (abs)        0000
__size_of___awmod           (abs)        0000
__size_of___fladd           (abs)        0000
__size_of___fldiv           (abs)        0000
__size_of___fleq            (abs)        0000
__size_of___flmul           (abs)        0000
__size_of___flsub           (abs)        0000
__size_of___fltol           (abs)        0000
__size_of___xxtofl          (abs)        0000
__size_of_digitValue_set    (abs)        0000
__size_of_frexp             (abs)        0000
__size_of_main              (abs)        0000
__size_of_round             (abs)        0000
__size_of_trunc             (abs)        0000
__size_ofi1_ADC_StartConv   (abs)        0000
_binDigitIndicator          dataCOMMON   007B
_binvalue                   dataBANK1    00D1
_digitValue_set             text15       096C
_frexp                      text3        0AB4
_main                       maintext     0628
_main$1152                  cstackBANK1  00BF
_main$1153                  cstackBANK1  00C3
_round                      text1        0CE0
_t                          bssCOMMON    0079
_trunc                      text2        0C5A
btemp                       (abs)        007E
digitValue_set@dig          cstackBANK0  0021
digitValue_set@value        cstackBANK0  0020
end_of_initialization       cinit        003B
frexp@eptr                  cstackBANK0  0030
frexp@value                 cstackBANK0  002C
i1_ADC_StartConv            text21       0961
init_fetch0                 inittext     098E
init_ram0                   inittext     0992
interrupt_function          intentry     0004
intlevel0                   functab      0000
intlevel1                   functab      0000
intlevel2                   functab      0000
intlevel3                   functab      0000
intlevel4                   functab      0000
intlevel5                   functab      0000
reset_vec                   reset_vec    0000
round@f                     cstackBANK1  00B6
round@x                     cstackBANK1  00B2
saved_w                     (abs)        007E
start                       init         0010
start_initialization        cinit        0013
trunc@expon                 cstackBANK1  00A8
trunc@i                     cstackBANK1  00A4
trunc@x                     cstackBANK1  00A0
wtemp0                      (abs)        007E


MODULE INFORMATION

Module		Function		Class		Link	Load	Size
TIMER.c
		_TIMER1_Config 		CODE           	097C	0000	18
		_TIMER1_SetValue		CODE           	0965	0000	7

TIMER.c estimated size: 25

C:\Program Files\Microchip\xc8\v2.32\pic\sources\c90\common\sprcadd.c
		___flsub       		CODE           	0A14	0000	80
		___fladd       		CODE           	03A0	0000	648

C:\Program Files\Microchip\xc8\v2.32\pic\sources\c90\common\sprcadd.c estimated size: 728

C:\Program Files\Microchip\xc8\v2.32\pic\sources\c90\common\xxtofl.c
		___xxtofl      		CODE           	06E4	0000	188

C:\Program Files\Microchip\xc8\v2.32\pic\sources\c90\common\xxtofl.c estimated size: 188

C:\Program Files\Microchip\xc8\v2.32\pic\sources\c90\common\round.c
		_round         		CODE           	0CE0	0000	147

C:\Program Files\Microchip\xc8\v2.32\pic\sources\c90\common\round.c estimated size: 147

C:\Program Files\Microchip\xc8\v2.32\pic\sources\c90\common\Umul8_16.c
		__Umul8_16     		CODE           	09EB	0000	41

C:\Program Files\Microchip\xc8\v2.32\pic\sources\c90\common\Umul8_16.c estimated size: 41

C:\Program Files\Microchip\xc8\v2.32\pic\sources\c90\common\frexp.c
		_frexp         		CODE           	0AB4	0000	84

C:\Program Files\Microchip\xc8\v2.32\pic\sources\c90\common\frexp.c estimated size: 84

C:\Program Files\Microchip\xc8\v2.32\pic\sources\c90\common\awmod.c
		___awmod       		CODE           	07A0	0000	91

C:\Program Files\Microchip\xc8\v2.32\pic\sources\c90\common\awmod.c estimated size: 91

shared
		i1_ADC_StartConv		CODE           	0961	0000	4
		__initialization		CODE           	0013	0000	40

shared estimated size: 44

C:\Program Files\Microchip\xc8\v2.32\pic\sources\c90\common\fleq.c
		___fleq        		CODE           	0A64	0000	80

C:\Program Files\Microchip\xc8\v2.32\pic\sources\c90\common\fleq.c estimated size: 80

ADC.c
		_ADC_StartConv 		CODE           	07FB	0000	4
		_ADC_Config    		CODE           	09CE	0000	29

ADC.c estimated size: 33

C:\Program Files\Microchip\xc8\v2.32\pic\sources\c90\common\sprcmul.c
		___flmul       		CODE           	003F	0000	865

C:\Program Files\Microchip\xc8\v2.32\pic\sources\c90\common\sprcmul.c estimated size: 865

C:\Program Files\Microchip\xc8\v2.32\pic\sources\c90\common\sprcdiv.c
		___fldiv       		CODE           	0E23	0000	477

C:\Program Files\Microchip\xc8\v2.32\pic\sources\c90\common\sprcdiv.c estimated size: 477

DISPLAY.c
		_digitValue_set		CODE           	096C	0000	16
		_DISPLAY_Init  		CODE           	09A1	0000	22
		_DISPLAY_SetNumber		CODE           	0D73	0000	176

DISPLAY.c estimated size: 214

C:\Program Files\Microchip\xc8\v2.32\pic\sources\c90\common\awdiv.c
		___awdiv       		CODE           	0B08	0000	105

C:\Program Files\Microchip\xc8\v2.32\pic\sources\c90\common\awdiv.c estimated size: 105

main.c
		_ADC_TIMER1_ISR		CODE           	0B71	0000	109
		_main          		CODE           	0628	0000	188

main.c estimated size: 297

C:\Program Files\Microchip\xc8\v2.32\pic\sources\c90\common\fltol.c
		___fltol       		CODE           	0BDE	0000	124

C:\Program Files\Microchip\xc8\v2.32\pic\sources\c90\common\fltol.c estimated size: 124

C:\Program Files\Microchip\xc8\v2.32\pic\sources\c90\common\trunc.c
		_trunc         		CODE           	0C5A	0000	134

C:\Program Files\Microchip\xc8\v2.32\pic\sources\c90\common\trunc.c estimated size: 134

